Hash: $2b$10$X1W.aWGVnAzzb3OVXuwwI.ikpru5W.3yz8gb1yb63cHRdaipoy2We